// Jest Snapshot v1, https://goo.gl/fbAQLP

exports[`Organisms: StarContainer should render correctly 1`] = `
<div>
  <div
    class="sc-341db452-0 bgksSM"
  >
    <span
      class="sc-341db452-1 eLGigt"
    />
    <span
      class="sc-341db452-1 dHaYYN"
    />
  </div>
</div>
`;
